
> nextn@0.1.0 build
> next build && next-sitemap

  Ôû▓ Next.js 14.2.31
  - Experiments (use with caution):
    ┬À turbo

   Creating an optimized production build ...
 Ô£ô Compiled successfully
   Linting and checking validity of types ...
npm.cmd : Failed to compile.
En C:\Users\Matías Riquelme\Documents\WindowsPowerShell\
Microsoft.PowerShell_profile.ps1: 6 Carácter: 16
+ function npm { & "C:\Program Files\nodejs\npm.cmd" 
$args }
+                
~~~~~~~~~~~~~~~~~~~~~~~~~~~~~~~~~~~~~~~~~
    + CategoryInfo          : NotSpecified: (Failed to  
   compile.:String) [], RemoteException
    + FullyQualifiedErrorId : NativeCommandError
 

./src/app/api/webhook/mercadopago/route.ts:47:39
Type error: Property 'preference_id' does not exist on 
type 'PaymentResponse'.

[0m [90m 45 |[39m                 
updated_at[33m:[39m [36mnew[39m 
[33mDate[39m()[33m.[39mtoISOString()[0m
[0m [90m 46 |[39m             })[0m
[0m[31m[1m>[22m[39m[90m 47 |[39m             
[33m.[39meq([32m'payment_id'[39m[33m,[39m 
payment[33m.[39mpreference_id) [90m// MP usa 
preference_id para mapear[39m[0m
[0m [90m    |[39m                                    
   [31m[1m^[22m[39m[0m
[0m [90m 48 |[39m[0m
[0m [90m 49 |[39m         [36mif[39m (updateError) 
{[0m
[0m [90m 50 |[39m             
console[33m.[39merror([32m'ÔØî Error al actualizar 
la orden en DB:'[39m[33m,[39m updateError)[0m
Next.js build worker exited with code: 1 and signal: 
null
